/home/isaac/Documents/Microcontroladores/Cortex-Mx/cortina_automatizada/CMSIS/core_cm0plus.h:745:22:NVIC_EnableIRQ	16	static
../source/cortina_automatizada.c:65:5:main	8	static
../source/cortina_automatizada.c:94:6:PORTx_config	8	static
../source/cortina_automatizada.c:100:6:TPM_config	8	static
../source/cortina_automatizada.c:126:6:delay_ms	24	static
../source/cortina_automatizada.c:137:6:pwm_delay_ms	48	static
../source/cortina_automatizada.c:155:6:LPTMR0_Init	8	static
../source/cortina_automatizada.c:174:6:LPTMR0_IRQHandler	16	static
../source/cortina_automatizada.c:196:6:PORTA_IRQHandler	16	static
../source/cortina_automatizada.c:210:6:low_power_config	8	static
